# serializer version: 1
# name: test_entities[select.home_system_mode-entry]
  EntityRegistryEntrySnapshot({
    'aliases': list([
      None,
    ]),
    'area_id': None,
    'capabilities': dict({
      <SelectEntityCapabilityAttribute.OPTIONS: 'options'>: list([
        'heating',
        'cooling',
      ]),
    }),
    'config_entry_id': <ANY>,
    'config_subentry_id': <ANY>,
    'device_class': None,
    'device_id': <ANY>,
    'disabled_by': None,
    'domain': 'select',
    'entity_category': None,
    'entity_id': 'select.home_system_mode',
    'has_entity_name': True,
    'hidden_by': None,
    'icon': None,
    'id': <ANY>,
    'labels': set({
    }),
    'name': None,
    'object_id_base': 'System mode',
    'options': dict({
    }),
    'original_device_class': None,
    'original_icon': None,
    'original_name': 'System mode',
    'platform': 'ngbs_icon',
    'previous_unique_id': None,
    'suggested_object_id': None,
    'supported_features': 0,
    'translation_key': 'system_mode',
    'unique_id': '123456789012_system_mode',
    'unit_of_measurement': None,
  })
# ---
# name: test_entities[select.home_system_mode-state]
  StateSnapshot({
    'attributes': ReadOnlyDict({
      <EntityStateAttribute.FRIENDLY_NAME: 'friendly_name'>: 'Home System mode',
      <SelectEntityCapabilityAttribute.OPTIONS: 'options'>: list([
        'heating',
        'cooling',
      ]),
    }),
    'context': <ANY>,
    'entity_id': 'select.home_system_mode',
    'last_changed': <ANY>,
    'last_reported': <ANY>,
    'last_updated': <ANY>,
    'state': 'cooling',
  })
# ---
