# serializer version: 1
# name: test_diagnostics
  dict({
    'coordinator': dict({
      'last_update_success': True,
      'offline_thermostats': dict({
      }),
      'statistics': dict({
        'diagnostics_read_error': None,
        'failures': 0,
        'last_error': None,
        'polls': 1,
      }),
      'update_interval_seconds': 30.0,
    }),
    'entry': dict({
      'data': dict({
        'host': '**REDACTED**',
        'mac': '**REDACTED**',
        'sysid': '**REDACTED**',
      }),
      'minor_version': 1,
      'options': dict({
        'scan_interval': 30,
      }),
      'title': '**REDACTED**',
      'unique_id': '**REDACTED**',
      'version': 2,
    }),
    'library_version': '0.1.0.dev0',
    'state': dict({
      'CE': 1,
      'CFG': dict({
        'ADDR': 1,
        'BACNET': dict({
          'DEVID': 1234567,
          'EN': 0,
        }),
        'CEMASTER': 'E1.1',
        'FMAS': 1,
        'FROST': 7,
        'HCMASTER': 'H1.1',
        'HCT': 5,
        'ICON1': dict({
          'COND': dict({
            'COFF': 5,
            'COFH': 0.5,
            'DRD': 2,
            'DRH': 1,
            'MIXD': -2,
          }),
          'DHU': dict({
            'SPD': 55,
            'SPHYS': 2,
          }),
          'RELAY': dict({
            'R0': dict({
              'COOL': 0,
              'FUNC': 'R1.HEAT',
              'HEAT': 1,
              'NEG': 0,
              'OR': list([
                'I1.5',
              ]),
              'Toff': 0,
              'Ton': 0,
            }),
            'R1': dict({
              'COOL': 1,
              'FUNC': 'R1.1',
              'HEAT': 1,
              'NEG': 0,
              'OR': list([
                'A1.1',
              ]),
              'Toff': 0,
              'Ton': 0,
            }),
            'R2': dict({
              'COOL': 1,
              'FUNC': 'R1.2',
              'HEAT': 1,
              'NEG': 0,
              'OR': list([
                'A1.2',
              ]),
              'Toff': 0,
              'Ton': 0,
            }),
            'R3': dict({
              'COOL': 1,
              'FUNC': 'R1.3',
              'HEAT': 1,
              'NEG': 0,
              'OR': list([
                'A1.3',
              ]),
              'Toff': 0,
              'Ton': 0,
            }),
            'R4': dict({
              'COOL': 1,
              'FUNC': 'R1.4',
              'HEAT': 1,
              'NEG': 0,
              'OR': list([
                'A1.4',
              ]),
              'Toff': 0,
              'Ton': 0,
            }),
            'R5': dict({
              'COOL': 1,
              'FUNC': 'R1.5',
              'HEAT': 1,
              'NEG': 0,
              'OR': list([
                'A1.5',
              ]),
              'Toff': 0,
              'Ton': 0,
            }),
            'R6': dict({
              'COOL': 1,
              'FUNC': 'R1.6',
              'HEAT': 1,
              'NEG': 0,
              'OR': list([
                'A1.6',
              ]),
              'Toff': 0,
              'Ton': 0,
            }),
            'R7': dict({
              'COOL': 1,
              'FUNC': 'R1.7',
              'HEAT': 1,
              'NEG': 0,
              'OR': list([
                'A1.7',
              ]),
              'Toff': 0,
              'Ton': 0,
            }),
            'R8': dict({
              'COOL': 1,
              'FUNC': 'R1.8',
              'HEAT': 1,
              'NEG': 0,
              'OR': list([
                'A1.1',
                'A1.2',
                'A1.3',
                'A1.4',
                'A1.5',
              ]),
              'Toff': 0,
              'Ton': 0,
            }),
            'R9': dict({
              'COOL': 1,
              'FUNC': 'R1.COOL',
              'HEAT': 0,
              'NEG': 0,
              'OR': list([
                'I1.6',
              ]),
              'Toff': 0,
              'Ton': 0,
            }),
          }),
          'STATUS': dict({
            'AO': 0,
            'BATT': 0,
            'CE': 0,
            'ETEMP': 222,
            'HC': 0,
            'ON': 0,
            'POWER': 14.588,
            'R0': 0,
            'R1': 0,
            'R2': 0,
            'R3': 0,
            'R4': 0,
            'R5': 0,
            'R6': 0,
            'R7': 0,
            'R8': 0,
            'R9': 1,
            'THPWR': 14.554,
            'WTEMP': 26,
          }),
          'WATER': dict({
            'Ic': 300,
            'Ih': 300,
            'Ix': 300,
            'Pc': 14,
            'Ph': 20,
            'XaC': 20,
            'XaH': 45,
          }),
          'WEATHER': list([
            20,
            17,
            -10,
            30,
          ]),
        }),
        'ICONS': 1,
        'MBTCP': dict({
          'EN': 1,
          'PORT': 502,
          'TOUT': 300,
        }),
        'NAME': '**REDACTED**',
        'NET': '**REDACTED**',
        'OVSTOP': 45,
        'PUMP': 'R1.8',
        'TBOILER': 3,
        'THH': 0.2,
      }),
      'DP': dict({
        '1.1': dict({
          'CE': 1,
          'CEC': 1,
          'CEF': 1,
          'DEW': 8.9,
          'DI': 0,
          'DWP': 0,
          'DXC': 0,
          'DXH': 1,
          'ECOC': 30,
          'ECOH': 22.5,
          'FROST': 0,
          'HC': 1,
          'IHC': 2,
          'LIM': 10,
          'LIVE': 1,
          'MV': 1,
          'NAME': 'Living room',
          'ON': 1,
          'OUT': 0,
          'PL': 0,
          'RH': 36.6,
          'TEMP': 24.8,
          'TPR': 0,
          'WP': 1,
          'XAC': 25,
          'XAH': 22.5,
        }),
        '1.2': dict({
          'CE': 1,
          'CEC': 1,
          'CEF': 1,
          'DEW': 8.4,
          'DI': 0,
          'DWP': 0,
          'DXC': 0,
          'DXH': 1,
          'ECOC': 26.5,
          'ECOH': 19,
          'FROST': 0,
          'HC': 1,
          'IHC': 2,
          'LIM': 10,
          'LIVE': 1,
          'MV': 1,
          'NAME': 'Kitchen',
          'ON': 1,
          'OUT': 0,
          'PL': 0,
          'RH': 38.5,
          'TEMP': 23.4,
          'TPR': 0,
          'WP': 1,
          'XAC': 30,
          'XAH': 20.5,
        }),
        '1.3': dict({
          'CE': 1,
          'CEC': 1,
          'CEF': 1,
          'DEW': 9.2,
          'DI': 0,
          'DWP': 0,
          'DXC': 0,
          'DXH': 1,
          'ECOC': 30,
          'ECOH': 20,
          'FROST': 0,
          'HC': 1,
          'IHC': 2,
          'LIM': 10,
          'LIVE': 1,
          'MV': 1,
          'NAME': 'Bedroom',
          'ON': 1,
          'OUT': 0,
          'PL': 0,
          'RH': 36.6,
          'TEMP': 25.1,
          'TPR': 0,
          'WP': 1,
          'XAC': 26,
          'XAH': 21,
        }),
        '1.4': dict({
          'CE': 1,
          'CEC': 1,
          'CEF': 1,
          'DEW': 9.8,
          'DI': 0,
          'DWP': 0,
          'DXC': 0,
          'DXH': 1,
          'ECOC': 30,
          'ECOH': 20,
          'FROST': 0,
          'HC': 1,
          'IHC': 2,
          'LIM': 10,
          'LIVE': 1,
          'MV': 1,
          'NAME': 'Bathroom',
          'ON': 1,
          'OUT': 0,
          'PL': 0,
          'RH': 36,
          'TEMP': 26.1,
          'TPR': 0,
          'WP': 1,
          'XAC': 30,
          'XAH': 22,
        }),
        '1.5': dict({
          'CE': 1,
          'CEC': 1,
          'CEF': 1,
          'DEW': 8,
          'DI': 0,
          'DWP': 0,
          'DXC': 0,
          'DXH': 1,
          'ECOC': 30,
          'ECOH': 21,
          'FROST': 0,
          'HC': 1,
          'IHC': 2,
          'LIM': 10,
          'LIVE': 1,
          'MV': 1,
          'NAME': 'Office',
          'ON': 1,
          'OUT': 0,
          'PL': 0,
          'RH': 36.2,
          'TEMP': 24,
          'TPR': 0,
          'WP': 1,
          'XAC': 26,
          'XAH': 22.5,
        }),
        '1.6': dict({
          'CE': 0,
          'CEC': 0,
          'CEF': 0,
          'DEW': 0,
          'DI': 0,
          'DWP': 0,
          'DXC': 0,
          'DXH': 1,
          'ECOC': 30,
          'ECOH': 17,
          'FROST': 0,
          'HC': 1,
          'IHC': 2,
          'LIM': 10,
          'LIVE': 0,
          'MV': 1,
          'NAME': 'Kids room',
          'ON': 0,
          'OUT': 0,
          'PL': 0,
          'RH': 0,
          'TEMP': 0,
          'TPR': 0,
          'WP': 1,
          'XAC': 26,
          'XAH': 20,
        }),
        '1.7': dict({
          'CE': 0,
          'CEC': 0,
          'CEF': 0,
          'DEW': 0,
          'DI': 0,
          'DWP': 0,
          'DXC': 0,
          'DXH': 1,
          'ECOC': 30,
          'ECOH': 17,
          'FROST': 0,
          'HC': 1,
          'IHC': 2,
          'LIM': 10,
          'LIVE': 0,
          'MV': 1,
          'NAME': 'Guest room',
          'ON': 0,
          'OUT': 0,
          'PL': 0,
          'RH': 0,
          'TEMP': 0,
          'TPR': 0,
          'WP': 1,
          'XAC': 26,
          'XAH': 20,
        }),
        '1.8': dict({
          'CE': 0,
          'CEC': 0,
          'CEF': 0,
          'DEW': 0,
          'DI': 0,
          'DWP': 0,
          'DXC': 0,
          'DXH': 1,
          'ECOC': 30,
          'ECOH': 17,
          'FROST': 0,
          'HC': 1,
          'IHC': 2,
          'LIM': 10,
          'LIVE': 0,
          'MV': 1,
          'NAME': 'Hall',
          'ON': 0,
          'OUT': 0,
          'PL': 0,
          'RH': 0,
          'TEMP': 0,
          'TPR': 0,
          'WP': 1,
          'XAC': 26,
          'XAH': 20,
        }),
      }),
      'ECOC': 30,
      'ECOH': 17,
      'EMAIL': '',
      'ERR': 0,
      'ETEMP': 222,
      'EVENTLOG': dict({
        'LEVEL': 1,
        'LOG': dict({
        }),
      }),
      'HC': 1,
      'INFO': dict({
        'FIRMWARE': 1079,
        'NETL': '**REDACTED**',
        'TASK': list([
          'reg',
          'wdr',
        ]),
        'UPTIME': 792,
      }),
      'ON': 1,
      'OVERHEAT': 0,
      'PUMP': 0,
      'RELOAD': 0,
      'SERVICE': 1,
      'SIG': 0,
      'SW': 0,
      'SYSID': '**REDACTED**',
      'TPR': dict({
        'COOL': list([
        ]),
        'HEAT': dict({
          '1.1': dict({
            'EN': 0,
          }),
          '1.2': dict({
            'EN': 0,
          }),
          '1.5': dict({
            'EN': 0,
          }),
        }),
      }),
      'TZ': 'Europe/Budapest',
      'VER': '20250606231543',
      'WFROST': 0,
      'WTEMP': 26,
      'XAC': 26,
      'XAH': 20,
    }),
    'system': dict({
      'controllers': list([
        1,
      ]),
      'eco_master': 'E1.1',
      'firmware': 1079,
      'hc_master': 'H1.1',
      'thermostats': list([
        '1.1',
        '1.2',
        '1.3',
        '1.4',
        '1.5',
      ]),
    }),
  })
# ---
